%!Adobe-FontList 1.16
%Locale:0x409

%BeginFont
Handler:DirectoryHandler
FontType:Invalid
OutlineFileName:D:\sikhbe sobai\6th class\Font\flaticon.css
FileModTime:1540819009
%EndFont

%BeginFont
Handler:DirectoryHandler
FontType:Invalid
OutlineFileName:D:\sikhbe sobai\6th class\Font\Flaticon.eot
FileModTime:1540819009
%EndFont

%BeginFont
Handler:DirectoryHandler
FontType:Invalid
OutlineFileName:D:\sikhbe sobai\6th class\Font\flaticon.html
FileModTime:1540819010
%EndFont

%BeginFont
Handler:DirectoryHandler
FontType:Invalid
OutlineFileName:D:\sikhbe sobai\6th class\Font\Flaticon.svg
FileModTime:1540819010
%EndFont

%BeginFont
Handler:DirectoryHandler
FontType:TrueType
FontName:Flaticon
FamilyName:Flaticon
StyleName:Regular
FullName:Flaticon
MenuName:Flaticon
StyleBits:0
WritingScript:Roman
OutlineFileName:D:\sikhbe sobai\6th class\Font\Flaticon.ttf
DataFormat:sfntData
FileLength:2664
FileModTime:1540819010
WeightClass:400
WidthClass:5
AngleClass:0
NameArray:0,Mac,4,Flaticon
NameArray:0,Win,1,Flaticon
%EndFont

%BeginFont
Handler:DirectoryHandler
FontType:Invalid
OutlineFileName:D:\sikhbe sobai\6th class\Font\Flaticon.woff
FileModTime:1540819009
%EndFont

%BeginFont
Handler:DirectoryHandler
FontType:Invalid
OutlineFileName:D:\sikhbe sobai\6th class\Font\_flaticon.scss
FileModTime:1540819009
%EndFont

